exnihiloadscensio:itemOreAluminium:0
exnihiloadscensio:itemOreCopper:0
exnihiloadscensio:itemOreGold:0
exnihiloadscensio:itemOreIron:0
exnihiloadscensio:itemOreLead:0
exnihiloadscensio:itemOreNickel:0
exnihiloadscensio:itemOreSilver:0
extrautils2:enderlilly:0
extrautils2:endershard:0
exnihiloadscensio:itemMaterial:4
natura:nether_berrybush_blightberry:3
natura:nether_berrybush_duskberry:3
natura:nether_berrybush_skyberry:3
natura:nether_berrybush_stingberry:3
natura:nether_sapling:0
natura:nether_sapling:1
natura:nether_sapling:2
natura:nether_sapling:3
minecraft:brown_mushroom:0
minecraft:red_mushroom:0
natura:colored_grass:0
natura:overworld_berrybush_blackberry:0
natura:overworld_berrybush_blueberry:0
natura:overworld_berrybush_maloberry:0
natura:overworld_berrybush_raspberry:0
natura:overworld_sapling:0
natura:overworld_sapling:1
natura:overworld_sapling:3
natura:overworld_sapling2:0
natura:overworld_sapling2:1
natura:overworld_sapling2:2
natura:overworld_sapling2:3
actuallyadditions:itemMisc:5
enderio:itemPowderIngot:5
exnihiloadscensio:itemOreArdite:0
exnihiloadscensio:itemOreCobalt:0
bigreactors:dustmetals:0
exnihiloadscensio:itemMaterial:3
